// Jest Snapshot v1, https://goo.gl/fbAQLP

// TODO: fix url
exports[`GET /rest/:id Haus zu vorhandener ID 1`] = `"https://christophersmbp.fritz.box:3000/rest/1"`;
